/admin/images/cal_date_over.gif /403.txt;
/admin/login.php /403.txt;
/templates/system/css/system.css /403.txt;
/.well-known/security.txt /403.txt;
/user/register/ /403.txt;
/libraries/sfn.php /403.txt;
/blog/xmlrpc.php /403.txt;
/plug/comment/commentList.asp /403.txt;
/news/html /403.txt;
//wp-login.php /403.txt;
/wp-login.php /403.txt;
/en/wp-login.php /403.txt;
/blog//wp-login.php /403.txt;
/blog/wp-login.php /403.txt;
/wordpress//wp-login.php /403.txt;
/wordpress/wp-login.php /403.txt;
/wp//wp-login.php /403.txt;
/wp/wp-login.php /403.txt;
/connectors/system/phpthumb.php /403.txt;
/en/favicon.png /403.txt;
/css/style.css /403.txt;
/en/sftp-config.json /403.txt;
//wp-content/plugins/mailpress/mp-includes/action.php /403.txt;
//xmlrpc.php /403.txt;
/en/xmlrpc.php /403.txt;
/.well-known/assetlinks.json /403.txt;
/media/system/js/calendar-setup.js /403.txt;
/en/ads.txt /403.txt;
/admin/assets/js/views/login.js /403.txt;
/assets/components/gallery/connector.php /403.txt;
/manager/index.php /403.txt;
/wp-includes/js/wpdialog.js /403.txt;
/downloader/ /403.txt;
//a2billing/customer/templates/default/footer.tpl /403.txt;
/a2billing/customer/templates/default/footer.tpl /403.txt;
//libs/js/iframe.js /403.txt;
/libs/js/iframe.js /403.txt;
/HNAP1/ /403.txt;
/en/HNAP1 /403.txt;
/axis2/ /403.txt;
/en/axis2 /403.txt;
/administrator/index.php /403.txt;
/phpmyadmin/index.php /403.txt;
/pma/index.php /403.txt;
/.git/HEAD /403.txt;
/en/deployment-config.json /403.txt;
/en/downloader /403.txt;
/evox/about /403.txt;
/current_config/passwd /403.txt;
/plus/download.php /403.txt;
/plus/ad_js.php /403.txt;
/plus/read.php /403.txt;
/include/dialog/select_soft_post.php /403.txt;
/data/cache/asd.php /403.txt;
/install/index.php.bak /403.txt;
/vendor/phpunit/phpunit/src/Util/PHP/eval-stdin.php /403.txt;
/vendor/phpunit/phpunit/src/Util/PHP/asd.php /403.txt;
/en/search.php /403.txt;
/en/install.php /403.txt;
/en/da.php /403.txt;
/dayrui/libraries/Chart/ofc_upload_image.php /403.txt;
/dayrui/libraries/tmp-upload-images/shell4868.php /403.txt;
//connectors/system/phpthumb.php /403.txt;
/connectors/system/phpthumb.php /403.txt;
//dbs.php /403.txt;
/dbs.php /403.txt;
/plus/recommend.php /403.txt;
/wls-wsat/CoordinatorPortType /403.txt;
/.git/config /403.txt;
/en/apple-app-site-association /403.txt;
//a2billing/admin/Public/index.php /403.txt;
/a2billing/admin/Public/index.php /403.txt;
/en/lfm.php /403.txt;
/en/.env /403.txt;
/en/.ftpconfig /403.txt;
/en/.remote-sync.json /403.txt;
/.vscode/ftp-sync.json /403.txt;
/.vscode/sftp.json /403.txt;
/en/ftpsync.settings /403.txt;
/en/WS_FTP.ini /403.txt;
/en/filezilla.xml /403.txt;
/en/sitemanager.xml /403.txt;
/en/winscp.ini /403.txt;
/en/id_rsa /403.txt;
/en/id_dsa /403.txt;
/.ssh/id_rsa /403.txt;
/.ssh/id_dsa /403.txt;
/.ssh/id_ecdsa /403.txt;
/.ssh/id_ed25519 /403.txt;
/.idea/WebServers.xml /403.txt;
/en/administrator /403.txt;
//wp-includes/wlwmanifest.xml /403.txt;
/wp-includes/wlwmanifest.xml /403.txt;
//blog/wp-includes/wlwmanifest.xml /403.txt;
/blog/wp-includes/wlwmanifest.xml /403.txt;
//wordpress/wp-includes/wlwmanifest.xml /403.txt;
/wordpress/wp-includes/wlwmanifest.xml /403.txt;
//wp/wp-includes/wlwmanifest.xml /403.txt;
/wp/wp-includes/wlwmanifest.xml /403.txt;
//site/wp-includes/wlwmanifest.xml /403.txt;
/site/wp-includes/wlwmanifest.xml /403.txt;
//cms/wp-includes/wlwmanifest.xml /403.txt;
/cms/wp-includes/wlwmanifest.xml /403.txt;
/core/docs/changelog.txt /403.txt;
/manager/templates/default/welcome.tpl /403.txt;
/sqlite/main.php /403.txt;
/sqlitemanager/main.php /403.txt;
/en/main.php /403.txt;
/test/sqlite/SQLiteManager-1.2.0/SQLiteManager-1.2.0/main.php /403.txt;
/SQLiteManager-1.2.4/main.php /403.txt;
/agSearch/SQlite/main.php /403.txt;
/273071D6-9793-844F-8106-5C7DA85A27A0/init /403.txt;
/en/browserconfig.xml /403.txt;
/vb/ /403.txt;
/en/vb /403.txt;
/en/forum.php /403.txt;
/forum/ /403.txt;
/en/forum /403.txt;
/forum/forum.php /403.txt;
/forums/ /403.txt;
/en/forums /403.txt;
/community/forum/ /403.txt;
/community/forum /403.txt;
/community/ /403.txt;
/en/community /403.txt;
