/en/production/rezak /en/products/rezak;
/en/en/about /en/about;
/en/en/products /en/products;
/en/en/services /en/services;
/en/en/contact /en/contact;
/production/production /en/products;
/production/contact /en/products/contact;
/ru/products/ /ru/products;
/ru/about/ /ru/about;
//en/services /en/services;
//en/about /en/about;
//en/products /en/products;
//ru /ru;
//en /en;
// /en;
//en/contact /en/contact;
/en/services/ /en/services;
/en/about/ /en/about;
/en/products/ /en/products;
/ru/ /ru;
/en/ /en;
/en/contact/ /en/contact;
/production/spike /en/products/spike;
/production/gok/ /en/products/gok;
/products/balley /en/products/balley;
/products/cron /en/products/cron;
/production/balley /en/products/balley;
/products/wedge /en/products/wedge;
/products/part /en/products/part;
/production/centr /en/products/centr;
/products/spike /en/products/spike;
/production/rezak /en/products/rezak;
/products/k302 /en/products/k302;
/products/gok /enproducts/gok;
/products/circle /en/products/circl;
/products/traction /en/products/traction;
/products/tooth /en/products/tooth;
/production/tooth /en/products/tooth;
/production/cns-300 /en/products/cns-300;
/production/wedge /en/products/wedge;
/products/centr /en/products/centr;
/products/cns-300 /en/products/cns-300;
/production/gok /en/products/gok;
/products/snake /en/products/snake;
/products/radiant /en/products/radiant;
/products/convect /en/products/convect;
/production/part /en/products/part;
/production/convect /en/products/convect;
/production/part/ /en/products/part;
/production/centr/ /en/products/centr;
/production/balley/ /en/products/balley;
/production/radiant /en/products/radiant;
/production/snake/ /en/products/snake;
/products/rezak /en/products/rezak;
/production/cns/ /en/products/cns;
/production/rezak/ /en/products/rezak;
/production/traction /en/products/traction;
/production/spike/ /en/products/spike;
/production/circle /enproducts/circle;
/production/ /en/products;
/products/cns /en/products/cns;
/production/k302/ /en/products/k302;
/production/cron /en/products/cron;
/production/snake /en/products/snake;
/production/k302 /en/products/k302;
/production/cns /en/products/cns;
/preview/chpu2.jpg /uploads/media/page/0001/01/thumb_49_page_small.jpeg;
/preview/rezak/cutting.jpg /uploads/media/product/0001/01/thumb_24_product_small.jpeg;
/preview/centr/gidrocylinder.jpg /uploads/media/product/0001/01/thumb_39_product_small.jpeg;
/production/spike/spike2.jpg /uploads/media/product/0001/01/thumb_46_product_big.jpeg;
/preview/chpu1.jpg /uploads/media/page/0001/01/thumb_48_page_small.jpeg;
/preview/part/nm-corpus.jpg /uploads/media/product/0001/01/thumb_7_product_small.jpeg;
/production/spike/spike3.jpg /uploads/media/product/0001/01/thumb_47_product_big.jpeg;
/production/spike/spike1.jpg /uploads/media/product/0001/01/thumb_45_product_big.jpeg;
/preview/spike/spike1.jpg /uploads/media/product/0001/01/thumb_45_product_small.jpeg;
/preview/spike/spike3.jpg /uploads/media/product/0001/01/thumb_47_product_small.jpeg;
/preview/spike/spike2.jpg /uploads/media/product/0001/01/thumb_46_product_small.jpeg;
/production/cns/cns-apparat.jpg /uploads/media/product/0001/01/thumb_10_product_big.jpeg;
/production/part/nm-part.jpg /uploads/media/product/0001/01/thumb_9_product_big.jpeg;
/preview/cns/cns-corpus.jpg /uploads/media/product/0001/01/thumb_11_product_small.jpeg;
/production/tooth-2.jpg /uploads/media/product/0001/01/thumb_17_product_big.jpeg;
/production/chpu2.jpg /uploads/media/page/0001/01/thumb_49_page_big.jpeg;
/production/cns/cns-corpus.jpg /uploads/media/product/0001/01/thumb_11_product_big.jpeg;
/production/cns/cns-wheel.jpg /uploads/media/product/0001/01/thumb_13_product_big.jpeg;
/production/k302/k302.jpg /uploads/media/product/0001/01/thumb_22_product_big.jpeg;
/production/gok/block-1.jpg /uploads/media/product/0001/01/thumb_16_product_big.jpeg;
/production/cns/cns-section.jpg /uploads/media/product/0001/01/thumb_12_product_big.jpeg;
/preview/cns/cns-wheel.jpg /uploads/media/product/0001/01/thumb_13_product_small.jpeg;
/preview/radiant-photo.jpg /uploads/media/product/0001/01/thumb_27_product_small.jpeg;
/production/snake/IMG_5606.JPG /uploads/media/product/0001/01/thumb_31_product_big.jpeg;
/preview/gok/block-1.jpg /uploads/media/product/0001/01/thumb_16_product_small.jpeg;
/preview/centr/gidrocylinder-fgp2.jpg /uploads/media/product/0001/01/thumb_40_product_small.jpeg;
/preview/snake/IMG_5605.JPG /uploads/media/product/0001/01/thumb_30_product_small.jpeg;
/preview/snake/IMG_5606.JPG /uploads/media/product/0001/01/thumb_31_product_small.jpeg;
/preview/cns/cns-0235-thumb.jpg /uploads/media/product/0001/01/thumb_6_product_small.jpeg;
/preview/convection-photo.jpg /uploads/media/product/0001/01/thumb_28_product_small.jpeg;
/production/chpu1.jpg /uploads/media/page/0001/01/thumb_48_page_big.jpeg;
/preview/cns/cns-apparat.jpg /uploads/media/product/0001/01/thumb_10_product_small.jpeg;
/production/balley/IMG_5595.JPG /uploads/media/product/0001/01/thumb_42_product_big.jpeg;
/preview/cns/cns-section.jpg /uploads/media/product/0001/01/thumb_12_product_small.jpeg;
/preview/snake/IMG_5626.JPG /uploads/media/product/0001/01/thumb_34_product_small.jpeg;
/production/snake/IMG_5605.JPG /uploads/media/product/0001/01/thumb_30_product_big.jpeg;
/preview/tooth-2.jpg /uploads/media/product/0001/01/thumb_17_product_small.jpeg;
/preview/cns/0210.jpg /uploads/media/product/0001/01/thumb_15_product_small.jpeg;
/production/centr/gidrocylinder.jpg /uploads/media/product/0001/01/thumb_39_product_big.jpeg;
/production/wedge-4.jpg /uploads/media/product/0001/01/thumb_18_product_big.jpeg;
/preview/balley/IMG_5597.JPG /uploads/media/product/0001/01/thumb_43_product_small.jpeg;
/production/part/nm-corpus.jpg /uploads/media/product/0001/01/thumb_7_product_big.jpeg;
/production/balley/IMG_5589.JPG /uploads/media/product/0001/01/thumb_41_product_big.jpeg;
/production/cns/cns-0235.jpg /uploads/media/product/0001/01/thumb_6_product_big.jpeg;
/preview/snake/IMG_5604.JPG /uploads/media/product/0001/01/thumb_29_product_small.jpeg;
/preview/rezak/gru3m.jpg /uploads/media/product/0001/01/thumb_23_product_small.jpeg;
/production/centr/konus-fgp.jpg /uploads/media/product/0001/01/thumb_37_product_big.jpeg;
/production/traction-photo.jpg /uploads/media/product/0001/01/thumb_21_product_big.jpeg;
/preview/cron-photo.jpg /uploads/media/product/0001/01/thumb_20_product_small.jpeg;
/production/cns/0074.jpg /uploads/media/product/0001/01/thumb_14_product_big.jpeg;
/production/cns/0210.jpg /uploads/media/product/0001/01/thumb_15_product_big.jpeg;
/preview/balley/IMG_5602.JPG /uploads/media/product/0001/01/thumb_44_product_small.jpeg;
/production/circle-4.jpg /uploads/media/product/0001/01/thumb_19_product_big.jpeg;
/production/radiant-photo.jpg /uploads/media/product/0001/01/thumb_27_product_big.jpeg;
/preview/cns/cns-0233-thumb.jpg /uploads/media/product/0001/01/thumb_5_product_small.jpeg;
/preview/balley/IMG_5589.JPG /uploads/media/product/0001/01/thumb_41_product_small.jpeg;
/production/snake/IMG_5607.JPG /uploads/media/product/0001/01/thumb_32_product_big.jpeg;
/preview/snake/IMG_5607.JPG /uploads/media/product/0001/01/thumb_32_product_small.jpeg;
/production/snake/IMG_5637.JPG /uploads/media/product/0001/01/thumb_35_product_big.jpeg;
/preview/snake/IMG_5619.JPG /uploads/media/product/0001/01/thumb_33_product_small.jpeg;
/preview/snake/IMG_5637.JPG /uploads/media/product/0001/01/thumb_35_product_small.jpeg;
/production/snake/IMG_5626.JPG /uploads/media/product/0001/01/thumb_34_product_big.jpeg;
/production/snake/IMG_5604.JPG /uploads/media/product/0001/01/thumb_29_product_big.jpeg;
/preview/k302/k302.jpg /uploads/media/product/0001/01/thumb_22_product_small.jpeg;
/preview/part/nm-cover.jpg /uploads/media/product/0001/01/thumb_8_product_small.jpeg;
/production/snake/IMG_5619.JPG /uploads/media/product/0001/01/thumb_33_product_big.jpeg;
/preview/traction-photo.jpg /uploads/media/product/0001/01/thumb_21_product_small.jpeg;
/production/cns/cns-0233.jpg /uploads/media/product/0001/01/thumb_5_product_big.jpeg;
/production/balley/IMG_5597.JPG /uploads/media/product/0001/01/thumb_43_product_big.jpeg;
/production/rezak/cutting.jpg /uploads/media/product/0001/01/thumb_25_product_big.jpeg;
/production/centr/fgp801k.jpg /uploads/media/product/0001/01/thumb_36_product_big.jpeg;
/production/centr/gidrocylinder-fgp2.jpg /uploads/media/product/0001/01/thumb_40_product_big.jpeg;
/preview/balley/IMG_5595.JPG /uploads/media/product/0001/01/thumb_42_product_small.jpeg;
/preview/circle-4.jpg /uploads/media/product/0001/01/thumb_19_product_small.jpeg;
/preview/rezak/gru3r.jpg /uploads/media/product/0001/01/thumb_24_product_small.jpeg;
/production/rezak/gru3m.jpg /uploads/media/product/0001/01/thumb_23_product_big.jpeg;
/preview/centr/gidrocylinder-fgp1.jpg /uploads/media/product/0001/01/thumb_38_product_small.jpeg;
/production/balley/IMG_5602.JPG /uploads/media/product/0001/01/thumb_44_product_big.jpeg;
/preview/centr/konus-fgp.jpg /uploads/media/product/0001/01/thumb_37_product_small.jpeg;
/preview/rezak/drilling.jpg /uploads/media/product/0001/01/thumb_26_product_small.jpeg;
/production/convection-photo.jpg /uploads/media/product/0001/01/thumb_28_product_big.jpeg;
/preview/centr/fgp801k.jpg /uploads/media/product/0001/01/thumb_36_product_small.jpeg;
/preview/cns/0074.jpg /uploads/media/product/0001/01/thumb_14_product_small.jpeg;
/production/centr/gidrocylinder-fgp1.jpg /uploads/media/product/0001/01/thumb_38_product_big.jpeg;
/production/cron-photo.jpg /uploads/media/product/0001/01/thumb_20_product_big.jpeg;
/production/rezak/drilling.jpg /uploads/media/product/0001/01/thumb_26_product_big.jpeg;
/preview/wedge-4.jpg /uploads/media/product/0001/01/thumb_18_product_small.jpeg;
/production/rezak/gru3r.jpg /uploads/media/product/0001/01/thumb_24_product_big.jpeg;
/production/part/nm-cover.jpg /uploads/media/product/0001/01/thumb_8_product_big.jpeg;
/preview/part/nm-part.jpg /uploads/media/product/0001/01/thumb_9_product_small.jpeg;
